"C:\Users\Andrés Felipe\Desktop\Entrega final Elementos de frontera Octubre 12\CheckMate\Win32\Main.obj"
"C:\Users\Andrés Felipe\Desktop\Entrega final Elementos de frontera Octubre 12\CheckMate\Win32\inputdata.obj"
"C:\Users\Andrés Felipe\Desktop\Entrega final Elementos de frontera Octubre 12\CheckMate\Win32\Integralq.obj"
"C:\Users\Andrés Felipe\Desktop\Entrega final Elementos de frontera Octubre 12\CheckMate\Win32\Integralt.obj"
"C:\Users\Andrés Felipe\Desktop\Entrega final Elementos de frontera Octubre 12\CheckMate\Win32\Assemblyc.obj"
"C:\Users\Andrés Felipe\Desktop\Entrega final Elementos de frontera Octubre 12\CheckMate\Win32\Integralqi.obj"
"C:\Users\Andrés Felipe\Desktop\Entrega final Elementos de frontera Octubre 12\CheckMate\Win32\Integralti.obj"
"C:\Users\Andrés Felipe\Desktop\Entrega final Elementos de frontera Octubre 12\CheckMate\Win32\Flujointerno1_copia.obj"
"C:\Users\Andrés Felipe\Desktop\Entrega final Elementos de frontera Octubre 12\CheckMate\Win32\Flujointerno2_copia.obj"
"C:\Users\Andrés Felipe\Desktop\Entrega final Elementos de frontera Octubre 12\CheckMate\Win32\SLNPD.obj"
